// Jest Snapshot v1, https://goo.gl/fbAQLP

exports[`icon icon-快照 1`] = `
<svg
  className="ash-icon"
>
  <use
    xlinkHref="#browse"
  />
</svg>
`;
